// Jest Snapshot v1, https://goo.gl/fbAQLP

exports[`Board should render correctly with pieces 1`] = `ShallowWrapper {}`;

exports[`Board should render correctly without pieces 1`] = `ShallowWrapper {}`;
