// Jest Snapshot v1, https://goo.gl/fbAQLP

exports[`Drawer should render correctly with pieces 1`] = `ShallowWrapper {}`;

exports[`Drawer should render correctly without pieces 1`] = `ShallowWrapper {}`;
