// Jest Snapshot v1, https://goo.gl/fbAQLP

exports[`Placeholder should render correctly based on passed props 1`] = `ShallowWrapper {}`;

exports[`Placeholder should render correctly based on passed props 2`] = `ShallowWrapper {}`;
